[I 2026-08-24 17:11:03.161 ServerApp] jupyter_lsp | extension was successfully linked.
[I 2026-08-24 17:11:03.170 ServerApp] jupyter_server_terminals | extension was successfully linked.
[I 2026-08-24 17:11:03.180 ServerApp] jupyterlab | extension was successfully linked.
[I 2026-08-24 17:11:03.188 ServerApp] notebook | extension was successfully linked.
[I 2026-08-24 17:11:08.805 ServerApp] notebook_shim | extension was successfully linked.
[I 2026-08-24 17:11:09.105 ServerApp] notebook_shim | extension was successfully loaded.
[I 2026-08-24 17:11:09.110 ServerApp] jupyter_lsp | extension was successfully loaded.
[I 2026-08-24 17:11:09.113 ServerApp] jupyter_server_terminals | extension was successfully loaded.
[I 2026-08-24 17:11:09.125 LabApp] JupyterLab extension loaded from /scratch/leiff/scratch_xcenv2/lib/python3.12/site-packages/jupyterlab
[I 2026-08-24 17:11:09.125 LabApp] JupyterLab application directory is /scratch/leiff/scratch_xcenv2/share/jupyter/lab
[I 2026-08-24 17:11:09.126 LabApp] Extension Manager is 'pypi'.
[I 2026-08-24 17:11:10.439 ServerApp] jupyterlab | extension was successfully loaded.
[I 2026-08-24 17:11:10.446 ServerApp] notebook | extension was successfully loaded.
[I 2026-08-24 17:11:10.447 ServerApp] Serving notebooks from local directory: /scratch/leiff/MCA/amip_clean
[I 2026-08-24 17:11:10.447 ServerApp] Jupyter Server 2.20.0 is running at:
[I 2026-08-24 17:11:10.447 ServerApp] http://0.0.0.0:9099/lab?token=b2afa4d6807989a2f1bc85d75b5bfd1b9647e8579166deaf
[I 2026-08-24 17:11:10.447 ServerApp]     http://127.0.0.1:9099/lab?token=b2afa4d6807989a2f1bc85d75b5bfd1b9647e8579166deaf
[I 2026-08-24 17:11:10.447 ServerApp] Use Control-C to stop this server and shut down all kernels (twice to skip confirmation).
[C 2026-08-24 17:11:10.454 ServerApp] 
    
    To access the server, open this file in a browser:
        file:///scratch/leiff/.local/share/jupyter/runtime/jpserver-55195-open.html
    Or copy and paste one of these URLs:
        http://coe-node4:9099/lab?token=b2afa4d6807989a2f1bc85d75b5bfd1b9647e8579166deaf
        http://127.0.0.1:9099/lab?token=b2afa4d6807989a2f1bc85d75b5bfd1b9647e8579166deaf
    The server is listening on all interfaces, so any hostname or IP of this machine will work.
During startup - Warning messages:
1: Setting LC_CTYPE failed, using "C" 
2: Setting LC_COLLATE failed, using "C" 
3: Setting LC_TIME failed, using "C" 
4: Setting LC_MESSAGES failed, using "C" 
5: Setting LC_MONETARY failed, using "C" 
6: Setting LC_PAPER failed, using "C" 
7: Setting LC_MEASUREMENT failed, using "C" 
[I 2026-08-24 17:11:10.786 ServerApp] Skipped non-installed server(s): basedpyright, bash-language-server, dockerfile-language-server-nodejs, javascript-typescript-langserver, jedi-language-server, julia-language-server, pyrefly, pyright, python-language-server, python-lsp-server, r-languageserver, sql-language-server, texlab, typescript-language-server, unified-language-server, vscode-css-languageserver-bin, vscode-html-languageserver-bin, vscode-json-languageserver-bin, yaml-language-server
[W 2026-08-24 17:11:54.665 ServerApp] 404 GET /hub/api (@10.11.255.128) 328.67ms referer=None
[I 2026-08-24 17:11:54.671 JupyterNotebookApp] 302 GET /tree? (@10.11.255.128) 1.09ms
[W 2026-08-24 17:11:55.793 ServerApp] 404 GET /hub/api (@10.11.255.128) 2.02ms referer=None
[I 2026-08-24 17:11:55.798 JupyterNotebookApp] 302 GET /tree? (@10.11.255.128) 0.86ms
[W 2026-08-24 17:11:55.845 ServerApp] 404 GET /hub/api (@10.11.255.128) 1.54ms referer=None
[I 2026-08-24 17:11:55.850 JupyterNotebookApp] 302 GET /tree? (@10.11.255.128) 0.67ms
[W 2026-08-24 17:12:00.286 ServerApp] 404 GET /hub/api (@10.11.255.128) 2.26ms referer=None
[I 2026-08-24 17:12:00.290 JupyterNotebookApp] 302 GET /tree? (@10.11.255.128) 0.80ms
[I 2026-08-24 17:12:00.495 ServerApp] Kernel started: 93199570-7d68-4c2a-affc-5238c5b193ca
[I 2026-08-24 17:12:04.086 ServerApp] Adapting from protocol version 5.3 (kernel 93199570-7d68-4c2a-affc-5238c5b193ca) to 5.4 (client).
[I 2026-08-24 17:12:04.089 ServerApp] Connecting to kernel 93199570-7d68-4c2a-affc-5238c5b193ca.
[W 2026-08-24 17:12:04.092 ServerApp] The websocket_ping_timeout (90000) cannot be longer than the websocket_ping_interval (30000).
    Setting websocket_ping_timeout=30000
[I 2026-08-24 17:12:28.919 ServerApp] Kernel restarted: 93199570-7d68-4c2a-affc-5238c5b193ca
[I 2026-08-24 17:12:28.928 ServerApp] Starting buffering for 93199570-7d68-4c2a-affc-5238c5b193ca:9e45456c-5593-4dd2-bebd-05259e6e0fd1
[I 2026-08-24 17:12:28.934 ServerApp] Adapting from protocol version 5.3 (kernel 93199570-7d68-4c2a-affc-5238c5b193ca) to 5.4 (client).
[I 2026-08-24 17:12:28.935 ServerApp] Connecting to kernel 93199570-7d68-4c2a-affc-5238c5b193ca.
[I 2026-08-24 17:12:28.935 ServerApp] Restoring connection for 93199570-7d68-4c2a-affc-5238c5b193ca:9e45456c-5593-4dd2-bebd-05259e6e0fd1

cdo (Abort): 
remapcon,../amip/data/lowres_template.nc -seldate,1870-01-01,2014-12-31 -expr,N=rsdt-rlut-rsut -merge -mergetime /rugenstein-archive/mariarug/model_output/MMLEA/BCC-CSM2-MR/amip-hist/rsdt_Amon_BCC-CSM2-MR_amip-hist_r1i1p1f1_gn_187001-201412.nc [4m-mergetime[0m /rugenstein-archive/mariarug/model_output/MMLEA/BCC-CSM2-MR/amip-hist/rlut_Amon_BCC-CSM2-MR_amip-hist_r1i1p1f1_gn_187001-201412.nc -mergetime /rugenstein-archive/mariarug/model_output/MMLEA/BCC-CSM2-MR/amip-hist/rsut_Amon_BCC-CSM2-MR_amip-hist_r1i1p1f1_gn_187001-201412.nc /tmp/cdo_N_pqwuusuk/r1i1p1f1_N.nc  
                                                                                                                                                                                                                                                         ^ Operator cannot be assigned.
       Reason:
         Multiple variable input operators used.
         Use subgroups via [ ] to clarify relations (help: --argument_groups).


cdo    remapcon (Abort): Open failed on ../amip/data/lowres_template.nc!
[I 2026-08-24 17:24:36.916 ServerApp] Kernel restarted: 93199570-7d68-4c2a-affc-5238c5b193ca
[I 2026-08-24 17:24:36.925 ServerApp] Starting buffering for 93199570-7d68-4c2a-affc-5238c5b193ca:9e45456c-5593-4dd2-bebd-05259e6e0fd1
[I 2026-08-24 17:24:36.951 ServerApp] Adapting from protocol version 5.3 (kernel 93199570-7d68-4c2a-affc-5238c5b193ca) to 5.4 (client).
[I 2026-08-24 17:24:36.952 ServerApp] Connecting to kernel 93199570-7d68-4c2a-affc-5238c5b193ca.
[I 2026-08-24 17:24:36.952 ServerApp] Restoring connection for 93199570-7d68-4c2a-affc-5238c5b193ca:9e45456c-5593-4dd2-bebd-05259e6e0fd1

cdo    remapcon (Abort): Open failed on ../amip/data/lowres_template.nc!
43K	data/AMIP/BCC-CSM2-MR/N_Amon_BCC-CSM2-MR_amip-hist_combined_187001-201412.nc
84M	data/AMIP/CAMS-CSM1-0/N_Amon_CAMS-CSM1-0_amip-hist_combined_187001-201412.nc
[I 2026-08-24 17:37:16.837 ServerApp] Starting buffering for 93199570-7d68-4c2a-affc-5238c5b193ca:9e45456c-5593-4dd2-bebd-05259e6e0fd1
slurmstepd: error: *** JOB 564922 ON coe-node4 CANCELLED AT 2026-08-25T00:11:03 DUE TO TIME LIMIT ***
